// Jest Snapshot v1, https://goo.gl/fbAQLP

exports[`MoodsFn matches a snapshot 1`] = `
<Fragment>
  <Controls
    dispatch={
      Array [
        Object {
          "count": 0,
          "func": [Function],
          "text": "Drink Coffee",
        },
        Object {
          "count": 0,
          "func": [Function],
          "text": "Snack",
        },
        Object {
          "count": 0,
          "func": [Function],
          "text": "Nap",
        },
        Object {
          "count": 0,
          "func": [Function],
          "text": "Study",
        },
        Object {
          "count": 0,
          "func": [Function],
          "text": "Exercise",
        },
      ]
    }
  />
  <Face
    emoji="ðŸ˜ "
  />
</Fragment>
`;
